// Jest Snapshot v1, https://goo.gl/fbAQLP

exports[`ScrollText matches the snapshot 1`] = `
ShallowWrapper {
  "length": 1,
  Symbol(enzyme.__root__): [Circular],
  Symbol(enzyme.__unrendered__): <ScrollText
    movieData={
        Object {
            "date": "2017",
            "scroll": "BLAHBLAH STAR WARS",
            "title": "SITH",
          }
    }
/>,
  Symbol(enzyme.__renderer__): Object {
    "batchedUpdates": [Function],
    "getNode": [Function],
    "render": [Function],
    "simulateEvent": [Function],
    "unmount": [Function],
  },
  Symbol(enzyme.__node__): Object {
    "instance": null,
    "key": undefined,
    "nodeType": "host",
    "props": Object {
      "children": Array [
        <h3
          className="movie-info"
>
          SITH
          2017
</h3>,
        <article
          className="scroll-container"
>
          <div
                    className="scroll"
          >
                    BLAHBLAH STAR WARS
          </div>
</article>,
      ],
    },
    "ref": null,
    "rendered": Array [
      Object {
        "instance": null,
        "key": undefined,
        "nodeType": "host",
        "props": Object {
          "children": Array [
            "SITH",
            "2017",
          ],
          "className": "movie-info",
        },
        "ref": null,
        "rendered": Array [
          "SITH",
          "2017",
        ],
        "type": "h3",
      },
      Object {
        "instance": null,
        "key": undefined,
        "nodeType": "host",
        "props": Object {
          "children": <div
            className="scroll"
>
            BLAHBLAH STAR WARS
</div>,
          "className": "scroll-container",
        },
        "ref": null,
        "rendered": Object {
          "instance": null,
          "key": undefined,
          "nodeType": "host",
          "props": Object {
            "children": "BLAHBLAH STAR WARS",
            "className": "scroll",
          },
          "ref": null,
          "rendered": "BLAHBLAH STAR WARS",
          "type": "div",
        },
        "type": "article",
      },
    ],
    "type": "div",
  },
  Symbol(enzyme.__nodes__): Array [
    Object {
      "instance": null,
      "key": undefined,
      "nodeType": "host",
      "props": Object {
        "children": Array [
          <h3
            className="movie-info"
>
            SITH
            2017
</h3>,
          <article
            className="scroll-container"
>
            <div
                        className="scroll"
            >
                        BLAHBLAH STAR WARS
            </div>
</article>,
        ],
      },
      "ref": null,
      "rendered": Array [
        Object {
          "instance": null,
          "key": undefined,
          "nodeType": "host",
          "props": Object {
            "children": Array [
              "SITH",
              "2017",
            ],
            "className": "movie-info",
          },
          "ref": null,
          "rendered": Array [
            "SITH",
            "2017",
          ],
          "type": "h3",
        },
        Object {
          "instance": null,
          "key": undefined,
          "nodeType": "host",
          "props": Object {
            "children": <div
              className="scroll"
>
              BLAHBLAH STAR WARS
</div>,
            "className": "scroll-container",
          },
          "ref": null,
          "rendered": Object {
            "instance": null,
            "key": undefined,
            "nodeType": "host",
            "props": Object {
              "children": "BLAHBLAH STAR WARS",
              "className": "scroll",
            },
            "ref": null,
            "rendered": "BLAHBLAH STAR WARS",
            "type": "div",
          },
          "type": "article",
        },
      ],
      "type": "div",
    },
  ],
  Symbol(enzyme.__options__): Object {
    "adapter": ReactSixteenAdapter {
      "options": Object {
        "enableComponentDidUpdateOnSetState": true,
      },
    },
  },
}
`;
