// Jest Snapshot v1, https://goo.gl/fbAQLP

exports[`Header matches the snapshot 1`] = `
ShallowWrapper {
  "length": 1,
  Symbol(enzyme.__root__): [Circular],
  Symbol(enzyme.__unrendered__): <Header
    getPlanets={[Function]}
    getVehicles={[Function]}
/>,
  Symbol(enzyme.__renderer__): Object {
    "batchedUpdates": [Function],
    "getNode": [Function],
    "render": [Function],
    "simulateEvent": [Function],
    "unmount": [Function],
  },
  Symbol(enzyme.__node__): Object {
    "instance": null,
    "key": undefined,
    "nodeType": "host",
    "props": Object {
      "children": Array [
        <img
          alt="lego brand"
          className="header-logo logo"
          src="lego.svg"
/>,
        <div
          className="page-header"
>
          <h1
                    className="page-title"
          >
                    STAR WARS
          </h1>
          <img
                    alt="lego yoda"
                    className="header-logo"
                    src="yoda.png"
          />
</div>,
        <nav>
          <NavLink
                    activeClassName="active"
                    ariaCurrent="true"
                    to={
                              Object {
                                        "pathname": "/people",
                                      }
                    }
          >
                    <button
                              className="people"
                    />
          </NavLink>
          <NavLink
                    activeClassName="active"
                    ariaCurrent="true"
                    onClick={[Function]}
                    to={
                              Object {
                                        "pathname": "/planets",
                                      }
                    }
          >
                    <button
                              className="planets"
                    />
          </NavLink>
          <NavLink
                    activeClassName="active"
                    ariaCurrent="true"
                    onClick={[Function]}
                    to={
                              Object {
                                        "pathname": "/vehicles",
                                      }
                    }
          >
                    <button
                              className="vehicles"
                    />
          </NavLink>
          <NavLink
                    activeClassName="active"
                    ariaCurrent="true"
                    to={
                              Object {
                                        "pathname": "/favorites",
                                      }
                    }
          >
                    <button
                              className="favorites"
                    />
          </NavLink>
</nav>,
      ],
      "className": "header",
    },
    "ref": null,
    "rendered": Array [
      Object {
        "instance": null,
        "key": undefined,
        "nodeType": "host",
        "props": Object {
          "alt": "lego brand",
          "className": "header-logo logo",
          "src": "lego.svg",
        },
        "ref": null,
        "rendered": null,
        "type": "img",
      },
      Object {
        "instance": null,
        "key": undefined,
        "nodeType": "host",
        "props": Object {
          "children": Array [
            <h1
              className="page-title"
>
              STAR WARS
</h1>,
            <img
              alt="lego yoda"
              className="header-logo"
              src="yoda.png"
/>,
          ],
          "className": "page-header",
        },
        "ref": null,
        "rendered": Array [
          Object {
            "instance": null,
            "key": undefined,
            "nodeType": "host",
            "props": Object {
              "children": "STAR WARS",
              "className": "page-title",
            },
            "ref": null,
            "rendered": "STAR WARS",
            "type": "h1",
          },
          Object {
            "instance": null,
            "key": undefined,
            "nodeType": "host",
            "props": Object {
              "alt": "lego yoda",
              "className": "header-logo",
              "src": "yoda.png",
            },
            "ref": null,
            "rendered": null,
            "type": "img",
          },
        ],
        "type": "div",
      },
      Object {
        "instance": null,
        "key": undefined,
        "nodeType": "host",
        "props": Object {
          "children": Array [
            <NavLink
              activeClassName="active"
              ariaCurrent="true"
              to={
                            Object {
                                          "pathname": "/people",
                                        }
              }
>
              <button
                            className="people"
              />
</NavLink>,
            <NavLink
              activeClassName="active"
              ariaCurrent="true"
              onClick={[Function]}
              to={
                            Object {
                                          "pathname": "/planets",
                                        }
              }
>
              <button
                            className="planets"
              />
</NavLink>,
            <NavLink
              activeClassName="active"
              ariaCurrent="true"
              onClick={[Function]}
              to={
                            Object {
                                          "pathname": "/vehicles",
                                        }
              }
>
              <button
                            className="vehicles"
              />
</NavLink>,
            <NavLink
              activeClassName="active"
              ariaCurrent="true"
              to={
                            Object {
                                          "pathname": "/favorites",
                                        }
              }
>
              <button
                            className="favorites"
              />
</NavLink>,
          ],
        },
        "ref": null,
        "rendered": Array [
          Object {
            "instance": null,
            "key": undefined,
            "nodeType": "function",
            "props": Object {
              "activeClassName": "active",
              "ariaCurrent": "true",
              "children": <button
                className="people"
/>,
              "to": Object {
                "pathname": "/people",
              },
            },
            "ref": null,
            "rendered": Object {
              "instance": null,
              "key": undefined,
              "nodeType": "host",
              "props": Object {
                "className": "people",
              },
              "ref": null,
              "rendered": null,
              "type": "button",
            },
            "type": [Function],
          },
          Object {
            "instance": null,
            "key": undefined,
            "nodeType": "function",
            "props": Object {
              "activeClassName": "active",
              "ariaCurrent": "true",
              "children": <button
                className="planets"
/>,
              "onClick": [Function],
              "to": Object {
                "pathname": "/planets",
              },
            },
            "ref": null,
            "rendered": Object {
              "instance": null,
              "key": undefined,
              "nodeType": "host",
              "props": Object {
                "className": "planets",
              },
              "ref": null,
              "rendered": null,
              "type": "button",
            },
            "type": [Function],
          },
          Object {
            "instance": null,
            "key": undefined,
            "nodeType": "function",
            "props": Object {
              "activeClassName": "active",
              "ariaCurrent": "true",
              "children": <button
                className="vehicles"
/>,
              "onClick": [Function],
              "to": Object {
                "pathname": "/vehicles",
              },
            },
            "ref": null,
            "rendered": Object {
              "instance": null,
              "key": undefined,
              "nodeType": "host",
              "props": Object {
                "className": "vehicles",
              },
              "ref": null,
              "rendered": null,
              "type": "button",
            },
            "type": [Function],
          },
          Object {
            "instance": null,
            "key": undefined,
            "nodeType": "function",
            "props": Object {
              "activeClassName": "active",
              "ariaCurrent": "true",
              "children": <button
                className="favorites"
/>,
              "to": Object {
                "pathname": "/favorites",
              },
            },
            "ref": null,
            "rendered": Object {
              "instance": null,
              "key": undefined,
              "nodeType": "host",
              "props": Object {
                "className": "favorites",
              },
              "ref": null,
              "rendered": null,
              "type": "button",
            },
            "type": [Function],
          },
        ],
        "type": "nav",
      },
    ],
    "type": "div",
  },
  Symbol(enzyme.__nodes__): Array [
    Object {
      "instance": null,
      "key": undefined,
      "nodeType": "host",
      "props": Object {
        "children": Array [
          <img
            alt="lego brand"
            className="header-logo logo"
            src="lego.svg"
/>,
          <div
            className="page-header"
>
            <h1
                        className="page-title"
            >
                        STAR WARS
            </h1>
            <img
                        alt="lego yoda"
                        className="header-logo"
                        src="yoda.png"
            />
</div>,
          <nav>
            <NavLink
                        activeClassName="active"
                        ariaCurrent="true"
                        to={
                                    Object {
                                                "pathname": "/people",
                                              }
                        }
            >
                        <button
                                    className="people"
                        />
            </NavLink>
            <NavLink
                        activeClassName="active"
                        ariaCurrent="true"
                        onClick={[Function]}
                        to={
                                    Object {
                                                "pathname": "/planets",
                                              }
                        }
            >
                        <button
                                    className="planets"
                        />
            </NavLink>
            <NavLink
                        activeClassName="active"
                        ariaCurrent="true"
                        onClick={[Function]}
                        to={
                                    Object {
                                                "pathname": "/vehicles",
                                              }
                        }
            >
                        <button
                                    className="vehicles"
                        />
            </NavLink>
            <NavLink
                        activeClassName="active"
                        ariaCurrent="true"
                        to={
                                    Object {
                                                "pathname": "/favorites",
                                              }
                        }
            >
                        <button
                                    className="favorites"
                        />
            </NavLink>
</nav>,
        ],
        "className": "header",
      },
      "ref": null,
      "rendered": Array [
        Object {
          "instance": null,
          "key": undefined,
          "nodeType": "host",
          "props": Object {
            "alt": "lego brand",
            "className": "header-logo logo",
            "src": "lego.svg",
          },
          "ref": null,
          "rendered": null,
          "type": "img",
        },
        Object {
          "instance": null,
          "key": undefined,
          "nodeType": "host",
          "props": Object {
            "children": Array [
              <h1
                className="page-title"
>
                STAR WARS
</h1>,
              <img
                alt="lego yoda"
                className="header-logo"
                src="yoda.png"
/>,
            ],
            "className": "page-header",
          },
          "ref": null,
          "rendered": Array [
            Object {
              "instance": null,
              "key": undefined,
              "nodeType": "host",
              "props": Object {
                "children": "STAR WARS",
                "className": "page-title",
              },
              "ref": null,
              "rendered": "STAR WARS",
              "type": "h1",
            },
            Object {
              "instance": null,
              "key": undefined,
              "nodeType": "host",
              "props": Object {
                "alt": "lego yoda",
                "className": "header-logo",
                "src": "yoda.png",
              },
              "ref": null,
              "rendered": null,
              "type": "img",
            },
          ],
          "type": "div",
        },
        Object {
          "instance": null,
          "key": undefined,
          "nodeType": "host",
          "props": Object {
            "children": Array [
              <NavLink
                activeClassName="active"
                ariaCurrent="true"
                to={
                                Object {
                                                "pathname": "/people",
                                              }
                }
>
                <button
                                className="people"
                />
</NavLink>,
              <NavLink
                activeClassName="active"
                ariaCurrent="true"
                onClick={[Function]}
                to={
                                Object {
                                                "pathname": "/planets",
                                              }
                }
>
                <button
                                className="planets"
                />
</NavLink>,
              <NavLink
                activeClassName="active"
                ariaCurrent="true"
                onClick={[Function]}
                to={
                                Object {
                                                "pathname": "/vehicles",
                                              }
                }
>
                <button
                                className="vehicles"
                />
</NavLink>,
              <NavLink
                activeClassName="active"
                ariaCurrent="true"
                to={
                                Object {
                                                "pathname": "/favorites",
                                              }
                }
>
                <button
                                className="favorites"
                />
</NavLink>,
            ],
          },
          "ref": null,
          "rendered": Array [
            Object {
              "instance": null,
              "key": undefined,
              "nodeType": "function",
              "props": Object {
                "activeClassName": "active",
                "ariaCurrent": "true",
                "children": <button
                  className="people"
/>,
                "to": Object {
                  "pathname": "/people",
                },
              },
              "ref": null,
              "rendered": Object {
                "instance": null,
                "key": undefined,
                "nodeType": "host",
                "props": Object {
                  "className": "people",
                },
                "ref": null,
                "rendered": null,
                "type": "button",
              },
              "type": [Function],
            },
            Object {
              "instance": null,
              "key": undefined,
              "nodeType": "function",
              "props": Object {
                "activeClassName": "active",
                "ariaCurrent": "true",
                "children": <button
                  className="planets"
/>,
                "onClick": [Function],
                "to": Object {
                  "pathname": "/planets",
                },
              },
              "ref": null,
              "rendered": Object {
                "instance": null,
                "key": undefined,
                "nodeType": "host",
                "props": Object {
                  "className": "planets",
                },
                "ref": null,
                "rendered": null,
                "type": "button",
              },
              "type": [Function],
            },
            Object {
              "instance": null,
              "key": undefined,
              "nodeType": "function",
              "props": Object {
                "activeClassName": "active",
                "ariaCurrent": "true",
                "children": <button
                  className="vehicles"
/>,
                "onClick": [Function],
                "to": Object {
                  "pathname": "/vehicles",
                },
              },
              "ref": null,
              "rendered": Object {
                "instance": null,
                "key": undefined,
                "nodeType": "host",
                "props": Object {
                  "className": "vehicles",
                },
                "ref": null,
                "rendered": null,
                "type": "button",
              },
              "type": [Function],
            },
            Object {
              "instance": null,
              "key": undefined,
              "nodeType": "function",
              "props": Object {
                "activeClassName": "active",
                "ariaCurrent": "true",
                "children": <button
                  className="favorites"
/>,
                "to": Object {
                  "pathname": "/favorites",
                },
              },
              "ref": null,
              "rendered": Object {
                "instance": null,
                "key": undefined,
                "nodeType": "host",
                "props": Object {
                  "className": "favorites",
                },
                "ref": null,
                "rendered": null,
                "type": "button",
              },
              "type": [Function],
            },
          ],
          "type": "nav",
        },
      ],
      "type": "div",
    },
  ],
  Symbol(enzyme.__options__): Object {
    "adapter": ReactSixteenAdapter {
      "options": Object {
        "enableComponentDidUpdateOnSetState": true,
      },
    },
  },
}
`;
