// Jest Snapshot v1, https://goo.gl/fbAQLP

exports[`CardContainer matches the snapshot 1`] = `
ShallowWrapper {
  "length": 1,
  Symbol(enzyme.__root__): [Circular],
  Symbol(enzyme.__unrendered__): <CardContainer
    cardData={
        Array [
            Object {
              "favorite": false,
              "id": 9823742,
              "info": Object {
                "climate": "hot",
                "name": "NABOO",
                "population": "4",
                "residents": "no residents",
                "terrain": "sandy",
              },
              "type": "planetData",
            },
          ]
    }
    toggleFav={[Function]}
/>,
  Symbol(enzyme.__renderer__): Object {
    "batchedUpdates": [Function],
    "getNode": [Function],
    "render": [Function],
    "simulateEvent": [Function],
    "unmount": [Function],
  },
  Symbol(enzyme.__node__): Object {
    "instance": null,
    "key": undefined,
    "nodeType": "host",
    "props": Object {
      "children": Array [
        false,
        Array [
          <Card
            data={
                        Object {
                                    "favorite": false,
                                    "id": 9823742,
                                    "info": Object {
                                      "climate": "hot",
                                      "name": "NABOO",
                                      "population": "4",
                                      "residents": "no residents",
                                      "terrain": "sandy",
                                    },
                                    "type": "planetData",
                                  }
            }
            toggleFav={[Function]}
/>,
        ],
      ],
      "className": "card-container",
    },
    "ref": null,
    "rendered": Array [
      false,
      Object {
        "instance": null,
        "key": "9823742",
        "nodeType": "function",
        "props": Object {
          "data": Object {
            "favorite": false,
            "id": 9823742,
            "info": Object {
              "climate": "hot",
              "name": "NABOO",
              "population": "4",
              "residents": "no residents",
              "terrain": "sandy",
            },
            "type": "planetData",
          },
          "toggleFav": [Function],
        },
        "ref": null,
        "rendered": null,
        "type": [Function],
      },
    ],
    "type": "div",
  },
  Symbol(enzyme.__nodes__): Array [
    Object {
      "instance": null,
      "key": undefined,
      "nodeType": "host",
      "props": Object {
        "children": Array [
          false,
          Array [
            <Card
              data={
                            Object {
                                          "favorite": false,
                                          "id": 9823742,
                                          "info": Object {
                                            "climate": "hot",
                                            "name": "NABOO",
                                            "population": "4",
                                            "residents": "no residents",
                                            "terrain": "sandy",
                                          },
                                          "type": "planetData",
                                        }
              }
              toggleFav={[Function]}
/>,
          ],
        ],
        "className": "card-container",
      },
      "ref": null,
      "rendered": Array [
        false,
        Object {
          "instance": null,
          "key": "9823742",
          "nodeType": "function",
          "props": Object {
            "data": Object {
              "favorite": false,
              "id": 9823742,
              "info": Object {
                "climate": "hot",
                "name": "NABOO",
                "population": "4",
                "residents": "no residents",
                "terrain": "sandy",
              },
              "type": "planetData",
            },
            "toggleFav": [Function],
          },
          "ref": null,
          "rendered": null,
          "type": [Function],
        },
      ],
      "type": "div",
    },
  ],
  Symbol(enzyme.__options__): Object {
    "adapter": ReactSixteenAdapter {
      "options": Object {
        "enableComponentDidUpdateOnSetState": true,
      },
    },
  },
}
`;
